
> backend@0.0.1 start
> nest start

[32m[Nest] 27154  - [39m01/26/2026, 7:46:07 AM [32m    LOG[39m [38;5;3m[NestFactory] [39m[32mStarting Nest application...[39m
[32m[Nest] 27154  - [39m01/26/2026, 7:46:07 AM [32m    LOG[39m [38;5;3m[InstanceLoader] [39m[32mPrismaModule dependencies initialized[39m[38;5;3m +23ms[39m
[32m[Nest] 27154  - [39m01/26/2026, 7:46:07 AM [32m    LOG[39m [38;5;3m[InstanceLoader] [39m[32mPassportModule dependencies initialized[39m[38;5;3m +0ms[39m
[32m[Nest] 27154  - [39m01/26/2026, 7:46:07 AM [32m    LOG[39m [38;5;3m[InstanceLoader] [39m[32mJwtModule dependencies initialized[39m[38;5;3m +1ms[39m
[32m[Nest] 27154  - [39m01/26/2026, 7:46:07 AM [32m    LOG[39m [38;5;3m[InstanceLoader] [39m[32mAppModule dependencies initialized[39m[38;5;3m +1ms[39m
[32m[Nest] 27154  - [39m01/26/2026, 7:46:07 AM [32m    LOG[39m [38;5;3m[InstanceLoader] [39m[32mServeStaticModule dependencies initialized[39m[38;5;3m +0ms[39m
[32m[Nest] 27154  - [39m01/26/2026, 7:46:07 AM [32m    LOG[39m [38;5;3m[InstanceLoader] [39m[32mAuthModule dependencies initialized[39m[38;5;3m +0ms[39m
[32m[Nest] 27154  - [39m01/26/2026, 7:46:07 AM [32m    LOG[39m [38;5;3m[InstanceLoader] [39m[32mUsersModule dependencies initialized[39m[38;5;3m +1ms[39m
[32m[Nest] 27154  - [39m01/26/2026, 7:46:07 AM [32m    LOG[39m [38;5;3m[InstanceLoader] [39m[32mBlogModule dependencies initialized[39m[38;5;3m +0ms[39m
[32m[Nest] 27154  - [39m01/26/2026, 7:46:07 AM [32m    LOG[39m [38;5;3m[InstanceLoader] [39m[32mAppointmentsModule dependencies initialized[39m[38;5;3m +0ms[39m
[32m[Nest] 27154  - [39m01/26/2026, 7:46:07 AM [32m    LOG[39m [38;5;3m[InstanceLoader] [39m[32mCasesModule dependencies initialized[39m[38;5;3m +0ms[39m
[32m[Nest] 27154  - [39m01/26/2026, 7:46:07 AM [32m    LOG[39m [38;5;3m[InstanceLoader] [39m[32mFinanceModule dependencies initialized[39m[38;5;3m +0ms[39m
[32m[Nest] 27154  - [39m01/26/2026, 7:46:07 AM [32m    LOG[39m [38;5;3m[RoutesResolver] [39m[32mAppController {/}:[39m[38;5;3m +6ms[39m
[32m[Nest] 27154  - [39m01/26/2026, 7:46:07 AM [32m    LOG[39m [38;5;3m[RouterExplorer] [39m[32mMapped {/, GET} route[39m[38;5;3m +3ms[39m
[32m[Nest] 27154  - [39m01/26/2026, 7:46:07 AM [32m    LOG[39m [38;5;3m[RoutesResolver] [39m[32mAuthController {/auth}:[39m[38;5;3m +0ms[39m
[32m[Nest] 27154  - [39m01/26/2026, 7:46:07 AM [32m    LOG[39m [38;5;3m[RouterExplorer] [39m[32mMapped {/auth/login, POST} route[39m[38;5;3m +1ms[39m
[32m[Nest] 27154  - [39m01/26/2026, 7:46:07 AM [32m    LOG[39m [38;5;3m[RouterExplorer] [39m[32mMapped {/auth/forgot-password, POST} route[39m[38;5;3m +1ms[39m
[32m[Nest] 27154  - [39m01/26/2026, 7:46:07 AM [32m    LOG[39m [38;5;3m[RouterExplorer] [39m[32mMapped {/auth/reset-password, PATCH} route[39m[38;5;3m +0ms[39m
[32m[Nest] 27154  - [39m01/26/2026, 7:46:07 AM [32m    LOG[39m [38;5;3m[RoutesResolver] [39m[32mUsersController {/users}:[39m[38;5;3m +0ms[39m
[32m[Nest] 27154  - [39m01/26/2026, 7:46:07 AM [32m    LOG[39m [38;5;3m[RouterExplorer] [39m[32mMapped {/users, POST} route[39m[38;5;3m +1ms[39m
[32m[Nest] 27154  - [39m01/26/2026, 7:46:07 AM [32m    LOG[39m [38;5;3m[RouterExplorer] [39m[32mMapped {/users, GET} route[39m[38;5;3m +0ms[39m
[32m[Nest] 27154  - [39m01/26/2026, 7:46:07 AM [32m    LOG[39m [38;5;3m[RouterExplorer] [39m[32mMapped {/users/:id, GET} route[39m[38;5;3m +1ms[39m
[32m[Nest] 27154  - [39m01/26/2026, 7:46:07 AM [32m    LOG[39m [38;5;3m[RouterExplorer] [39m[32mMapped {/users/:id, PATCH} route[39m[38;5;3m +1ms[39m
[32m[Nest] 27154  - [39m01/26/2026, 7:46:07 AM [32m    LOG[39m [38;5;3m[RouterExplorer] [39m[32mMapped {/users/:id, DELETE} route[39m[38;5;3m +0ms[39m
[32m[Nest] 27154  - [39m01/26/2026, 7:46:07 AM [32m    LOG[39m [38;5;3m[RoutesResolver] [39m[32mBlogController {/blog}:[39m[38;5;3m +0ms[39m
[32m[Nest] 27154  - [39m01/26/2026, 7:46:07 AM [32m    LOG[39m [38;5;3m[RouterExplorer] [39m[32mMapped {/blog, POST} route[39m[38;5;3m +1ms[39m
[32m[Nest] 27154  - [39m01/26/2026, 7:46:07 AM [32m    LOG[39m [38;5;3m[RouterExplorer] [39m[32mMapped {/blog, GET} route[39m[38;5;3m +0ms[39m
[32m[Nest] 27154  - [39m01/26/2026, 7:46:07 AM [32m    LOG[39m [38;5;3m[RouterExplorer] [39m[32mMapped {/blog/:id, GET} route[39m[38;5;3m +1ms[39m
[32m[Nest] 27154  - [39m01/26/2026, 7:46:07 AM [32m    LOG[39m [38;5;3m[RouterExplorer] [39m[32mMapped {/blog/:id, PATCH} route[39m[38;5;3m +0ms[39m
[32m[Nest] 27154  - [39m01/26/2026, 7:46:07 AM [32m    LOG[39m [38;5;3m[RouterExplorer] [39m[32mMapped {/blog/:id, DELETE} route[39m[38;5;3m +0ms[39m
[32m[Nest] 27154  - [39m01/26/2026, 7:46:07 AM [32m    LOG[39m [38;5;3m[RoutesResolver] [39m[32mAppointmentsController {/appointments}:[39m[38;5;3m +0ms[39m
[32m[Nest] 27154  - [39m01/26/2026, 7:46:07 AM [32m    LOG[39m [38;5;3m[RouterExplorer] [39m[32mMapped {/appointments, POST} route[39m[38;5;3m +1ms[39m
[32m[Nest] 27154  - [39m01/26/2026, 7:46:07 AM [32m    LOG[39m [38;5;3m[RouterExplorer] [39m[32mMapped {/appointments, GET} route[39m[38;5;3m +0ms[39m
[32m[Nest] 27154  - [39m01/26/2026, 7:46:07 AM [32m    LOG[39m [38;5;3m[RouterExplorer] [39m[32mMapped {/appointments/:id, GET} route[39m[38;5;3m +0ms[39m
[32m[Nest] 27154  - [39m01/26/2026, 7:46:07 AM [32m    LOG[39m [38;5;3m[RouterExplorer] [39m[32mMapped {/appointments/:id, PATCH} route[39m[38;5;3m +0ms[39m
[32m[Nest] 27154  - [39m01/26/2026, 7:46:07 AM [32m    LOG[39m [38;5;3m[RouterExplorer] [39m[32mMapped {/appointments/:id, DELETE} route[39m[38;5;3m +1ms[39m
[32m[Nest] 27154  - [39m01/26/2026, 7:46:07 AM [32m    LOG[39m [38;5;3m[RoutesResolver] [39m[32mCasesController {/cases}:[39m[38;5;3m +0ms[39m
[32m[Nest] 27154  - [39m01/26/2026, 7:46:07 AM [32m    LOG[39m [38;5;3m[RouterExplorer] [39m[32mMapped {/cases, POST} route[39m[38;5;3m +0ms[39m
[32m[Nest] 27154  - [39m01/26/2026, 7:46:07 AM [32m    LOG[39m [38;5;3m[RouterExplorer] [39m[32mMapped {/cases, GET} route[39m[38;5;3m +0ms[39m
[32m[Nest] 27154  - [39m01/26/2026, 7:46:07 AM [32m    LOG[39m [38;5;3m[RouterExplorer] [39m[32mMapped {/cases/:id, GET} route[39m[38;5;3m +0ms[39m
[32m[Nest] 27154  - [39m01/26/2026, 7:46:07 AM [32m    LOG[39m [38;5;3m[RouterExplorer] [39m[32mMapped {/cases/:id, PATCH} route[39m[38;5;3m +0ms[39m
[32m[Nest] 27154  - [39m01/26/2026, 7:46:07 AM [32m    LOG[39m [38;5;3m[RouterExplorer] [39m[32mMapped {/cases/:id, DELETE} route[39m[38;5;3m +1ms[39m
[32m[Nest] 27154  - [39m01/26/2026, 7:46:07 AM [32m    LOG[39m [38;5;3m[RoutesResolver] [39m[32mFinanceController {/finance}:[39m[38;5;3m +0ms[39m
[32m[Nest] 27154  - [39m01/26/2026, 7:46:07 AM [32m    LOG[39m [38;5;3m[RouterExplorer] [39m[32mMapped {/finance/invoices, POST} route[39m[38;5;3m +0ms[39m
[32m[Nest] 27154  - [39m01/26/2026, 7:46:07 AM [32m    LOG[39m [38;5;3m[RouterExplorer] [39m[32mMapped {/finance/payments, POST} route[39m[38;5;3m +0ms[39m
[32m[Nest] 27154  - [39m01/26/2026, 7:46:07 AM [32m    LOG[39m [38;5;3m[RouterExplorer] [39m[32mMapped {/finance/invoices, GET} route[39m[38;5;3m +0ms[39m
[32m[Nest] 27154  - [39m01/26/2026, 7:46:07 AM [32m    LOG[39m [38;5;3m[RouterExplorer] [39m[32mMapped {/finance/invoices/:id, GET} route[39m[38;5;3m +0ms[39m
[32m[Nest] 27154  - [39m01/26/2026, 7:46:07 AM [32m    LOG[39m [38;5;3m[NestApplication] [39m[32mNest application successfully started[39m[38;5;3m +22ms[39m
