
> backend@0.0.1 start
> nest start

[32m[Nest] 4515  - [39m01/13/2026, 6:09:09 PM [32m    LOG[39m [38;5;3m[NestFactory] [39m[32mStarting Nest application...[39m
[32m[Nest] 4515  - [39m01/13/2026, 6:09:09 PM [32m    LOG[39m [38;5;3m[InstanceLoader] [39m[32mPrismaModule dependencies initialized[39m[38;5;3m +25ms[39m
[32m[Nest] 4515  - [39m01/13/2026, 6:09:09 PM [32m    LOG[39m [38;5;3m[InstanceLoader] [39m[32mJwtModule dependencies initialized[39m[38;5;3m +1ms[39m
[32m[Nest] 4515  - [39m01/13/2026, 6:09:09 PM [32m    LOG[39m [38;5;3m[InstanceLoader] [39m[32mAppModule dependencies initialized[39m[38;5;3m +0ms[39m
[32m[Nest] 4515  - [39m01/13/2026, 6:09:09 PM [32m    LOG[39m [38;5;3m[InstanceLoader] [39m[32mClientsModule dependencies initialized[39m[38;5;3m +0ms[39m
[32m[Nest] 4515  - [39m01/13/2026, 6:09:09 PM [32m    LOG[39m [38;5;3m[InstanceLoader] [39m[32mCasesModule dependencies initialized[39m[38;5;3m +0ms[39m
[32m[Nest] 4515  - [39m01/13/2026, 6:09:09 PM [32m    LOG[39m [38;5;3m[InstanceLoader] [39m[32mBookingsModule dependencies initialized[39m[38;5;3m +0ms[39m
[32m[Nest] 4515  - [39m01/13/2026, 6:09:09 PM [32m    LOG[39m [38;5;3m[InstanceLoader] [39m[32mBillingModule dependencies initialized[39m[38;5;3m +0ms[39m
[32m[Nest] 4515  - [39m01/13/2026, 6:09:09 PM [32m    LOG[39m [38;5;3m[InstanceLoader] [39m[32mUsersModule dependencies initialized[39m[38;5;3m +1ms[39m
[32m[Nest] 4515  - [39m01/13/2026, 6:09:09 PM [32m    LOG[39m [38;5;3m[InstanceLoader] [39m[32mAuthModule dependencies initialized[39m[38;5;3m +1ms[39m
[32m[Nest] 4515  - [39m01/13/2026, 6:09:09 PM [32m    LOG[39m [38;5;3m[InstanceLoader] [39m[32mArticlesModule dependencies initialized[39m[38;5;3m +0ms[39m
[32m[Nest] 4515  - [39m01/13/2026, 6:09:09 PM [32m    LOG[39m [38;5;3m[RoutesResolver] [39m[32mAppController {/}:[39m[38;5;3m +5ms[39m
[32m[Nest] 4515  - [39m01/13/2026, 6:09:09 PM [32m    LOG[39m [38;5;3m[RouterExplorer] [39m[32mMapped {/, GET} route[39m[38;5;3m +5ms[39m
[32m[Nest] 4515  - [39m01/13/2026, 6:09:09 PM [32m    LOG[39m [38;5;3m[RoutesResolver] [39m[32mAuthController {/auth}:[39m[38;5;3m +0ms[39m
[32m[Nest] 4515  - [39m01/13/2026, 6:09:09 PM [32m    LOG[39m [38;5;3m[RouterExplorer] [39m[32mMapped {/auth/login, POST} route[39m[38;5;3m +1ms[39m
[32m[Nest] 4515  - [39m01/13/2026, 6:09:09 PM [32m    LOG[39m [38;5;3m[RoutesResolver] [39m[32mUsersController {/users}:[39m[38;5;3m +0ms[39m
[32m[Nest] 4515  - [39m01/13/2026, 6:09:09 PM [32m    LOG[39m [38;5;3m[RouterExplorer] [39m[32mMapped {/users, POST} route[39m[38;5;3m +1ms[39m
[32m[Nest] 4515  - [39m01/13/2026, 6:09:09 PM [32m    LOG[39m [38;5;3m[RouterExplorer] [39m[32mMapped {/users, GET} route[39m[38;5;3m +0ms[39m
[32m[Nest] 4515  - [39m01/13/2026, 6:09:09 PM [32m    LOG[39m [38;5;3m[RouterExplorer] [39m[32mMapped {/users/:id, GET} route[39m[38;5;3m +1ms[39m
[32m[Nest] 4515  - [39m01/13/2026, 6:09:09 PM [32m    LOG[39m [38;5;3m[RouterExplorer] [39m[32mMapped {/users/:id, PATCH} route[39m[38;5;3m +1ms[39m
[32m[Nest] 4515  - [39m01/13/2026, 6:09:09 PM [32m    LOG[39m [38;5;3m[RouterExplorer] [39m[32mMapped {/users/:id, DELETE} route[39m[38;5;3m +0ms[39m
[32m[Nest] 4515  - [39m01/13/2026, 6:09:09 PM [32m    LOG[39m [38;5;3m[RoutesResolver] [39m[32mClientsController {/clients}:[39m[38;5;3m +0ms[39m
[32m[Nest] 4515  - [39m01/13/2026, 6:09:09 PM [32m    LOG[39m [38;5;3m[RouterExplorer] [39m[32mMapped {/clients, POST} route[39m[38;5;3m +1ms[39m
[32m[Nest] 4515  - [39m01/13/2026, 6:09:09 PM [32m    LOG[39m [38;5;3m[RouterExplorer] [39m[32mMapped {/clients, GET} route[39m[38;5;3m +1ms[39m
[32m[Nest] 4515  - [39m01/13/2026, 6:09:09 PM [32m    LOG[39m [38;5;3m[RouterExplorer] [39m[32mMapped {/clients/:id, GET} route[39m[38;5;3m +1ms[39m
[32m[Nest] 4515  - [39m01/13/2026, 6:09:09 PM [32m    LOG[39m [38;5;3m[RouterExplorer] [39m[32mMapped {/clients/:id, PATCH} route[39m[38;5;3m +1ms[39m
[32m[Nest] 4515  - [39m01/13/2026, 6:09:09 PM [32m    LOG[39m [38;5;3m[RouterExplorer] [39m[32mMapped {/clients/:id, DELETE} route[39m[38;5;3m +0ms[39m
[32m[Nest] 4515  - [39m01/13/2026, 6:09:09 PM [32m    LOG[39m [38;5;3m[RoutesResolver] [39m[32mCasesController {/cases}:[39m[38;5;3m +0ms[39m
[32m[Nest] 4515  - [39m01/13/2026, 6:09:09 PM [32m    LOG[39m [38;5;3m[RouterExplorer] [39m[32mMapped {/cases, POST} route[39m[38;5;3m +0ms[39m
[32m[Nest] 4515  - [39m01/13/2026, 6:09:09 PM [32m    LOG[39m [38;5;3m[RouterExplorer] [39m[32mMapped {/cases, GET} route[39m[38;5;3m +1ms[39m
[32m[Nest] 4515  - [39m01/13/2026, 6:09:09 PM [32m    LOG[39m [38;5;3m[RouterExplorer] [39m[32mMapped {/cases/:id, GET} route[39m[38;5;3m +0ms[39m
[32m[Nest] 4515  - [39m01/13/2026, 6:09:09 PM [32m    LOG[39m [38;5;3m[RouterExplorer] [39m[32mMapped {/cases/:id, PATCH} route[39m[38;5;3m +0ms[39m
[32m[Nest] 4515  - [39m01/13/2026, 6:09:09 PM [32m    LOG[39m [38;5;3m[RouterExplorer] [39m[32mMapped {/cases/:id, DELETE} route[39m[38;5;3m +1ms[39m
[32m[Nest] 4515  - [39m01/13/2026, 6:09:09 PM [32m    LOG[39m [38;5;3m[RoutesResolver] [39m[32mBookingsController {/bookings}:[39m[38;5;3m +0ms[39m
[32m[Nest] 4515  - [39m01/13/2026, 6:09:09 PM [32m    LOG[39m [38;5;3m[RouterExplorer] [39m[32mMapped {/bookings, POST} route[39m[38;5;3m +0ms[39m
[32m[Nest] 4515  - [39m01/13/2026, 6:09:09 PM [32m    LOG[39m [38;5;3m[RouterExplorer] [39m[32mMapped {/bookings, GET} route[39m[38;5;3m +1ms[39m
[32m[Nest] 4515  - [39m01/13/2026, 6:09:09 PM [32m    LOG[39m [38;5;3m[RouterExplorer] [39m[32mMapped {/bookings/:id, GET} route[39m[38;5;3m +0ms[39m
[32m[Nest] 4515  - [39m01/13/2026, 6:09:09 PM [32m    LOG[39m [38;5;3m[RouterExplorer] [39m[32mMapped {/bookings/:id, PATCH} route[39m[38;5;3m +0ms[39m
[32m[Nest] 4515  - [39m01/13/2026, 6:09:09 PM [32m    LOG[39m [38;5;3m[RouterExplorer] [39m[32mMapped {/bookings/:id, DELETE} route[39m[38;5;3m +0ms[39m
[32m[Nest] 4515  - [39m01/13/2026, 6:09:09 PM [32m    LOG[39m [38;5;3m[RoutesResolver] [39m[32mBillingController {/billing}:[39m[38;5;3m +0ms[39m
[32m[Nest] 4515  - [39m01/13/2026, 6:09:09 PM [32m    LOG[39m [38;5;3m[RouterExplorer] [39m[32mMapped {/billing, POST} route[39m[38;5;3m +0ms[39m
[32m[Nest] 4515  - [39m01/13/2026, 6:09:09 PM [32m    LOG[39m [38;5;3m[RouterExplorer] [39m[32mMapped {/billing, GET} route[39m[38;5;3m +0ms[39m
[32m[Nest] 4515  - [39m01/13/2026, 6:09:09 PM [32m    LOG[39m [38;5;3m[RouterExplorer] [39m[32mMapped {/billing/:id, GET} route[39m[38;5;3m +1ms[39m
[32m[Nest] 4515  - [39m01/13/2026, 6:09:09 PM [32m    LOG[39m [38;5;3m[RouterExplorer] [39m[32mMapped {/billing/:id, PATCH} route[39m[38;5;3m +0ms[39m
[32m[Nest] 4515  - [39m01/13/2026, 6:09:09 PM [32m    LOG[39m [38;5;3m[RouterExplorer] [39m[32mMapped {/billing/:id, DELETE} route[39m[38;5;3m +0ms[39m
[32m[Nest] 4515  - [39m01/13/2026, 6:09:09 PM [32m    LOG[39m [38;5;3m[RoutesResolver] [39m[32mArticlesController {/articles}:[39m[38;5;3m +0ms[39m
[32m[Nest] 4515  - [39m01/13/2026, 6:09:09 PM [32m    LOG[39m [38;5;3m[RouterExplorer] [39m[32mMapped {/articles, POST} route[39m[38;5;3m +1ms[39m
[32m[Nest] 4515  - [39m01/13/2026, 6:09:09 PM [32m    LOG[39m [38;5;3m[RouterExplorer] [39m[32mMapped {/articles, GET} route[39m[38;5;3m +0ms[39m
[32m[Nest] 4515  - [39m01/13/2026, 6:09:09 PM [32m    LOG[39m [38;5;3m[RouterExplorer] [39m[32mMapped {/articles/:id, GET} route[39m[38;5;3m +0ms[39m
[32m[Nest] 4515  - [39m01/13/2026, 6:09:09 PM [32m    LOG[39m [38;5;3m[RouterExplorer] [39m[32mMapped {/articles/:id, PATCH} route[39m[38;5;3m +0ms[39m
[32m[Nest] 4515  - [39m01/13/2026, 6:09:09 PM [32m    LOG[39m [38;5;3m[RouterExplorer] [39m[32mMapped {/articles/:id, DELETE} route[39m[38;5;3m +0ms[39m
[32m[Nest] 4515  - [39m01/13/2026, 6:09:09 PM [32m    LOG[39m [38;5;3m[NestApplication] [39m[32mNest application successfully started[39m[38;5;3m +31ms[39m
Terminated
